// Jest Snapshot v1, https://goo.gl/fbAQLP

exports[`matches snapshot 1`] = `
<DocumentFragment>
  <div>
    <form>
      <label
        for="search"
      />
      <input
        class="form-control"
        id="search"
        name="search"
        placeholder="type your search here..."
        style="margin-bottom: 15px;"
        value=""
      />
      <button
        class="btn btn-primary"
        style="margin-bottom: 15px;"
        type="button"
      >
        Search
      </button>
    </form>
  </div>
</DocumentFragment>
`;
